// Bun Snapshot v1, https://goo.gl/fbAQLP

exports[`should count re-renders should compare counter: Jotai's counter 1`] = `0`;

exports[`should count re-renders should compare counter: Jotai's re-renders 1`] = `
[
  [],
  [],
]
`;

exports[`should count re-renders should compare counter: Jotai's re-renders 2`] = `
[
  [],
  [],
]
`;

exports[`should count re-renders should compare counter: Muya's counter 1`] = `0`;

exports[`should count re-renders should compare counter: Muya's re-renders 1`] = `
[
  [],
]
`;

exports[`should count re-renders should compare counter: Muya's re-renders 2`] = `
[
  [],
]
`;
