// Bun Snapshot v1, https://goo.gl/fbAQLP

exports[`should count re-renders should measure render times in loop of N count: Jotai render time for 300 loops 1`] = `473`;

exports[`should count re-renders should measure render times in loop of N count: Muya render time for 300 loops 1`] = `505`;
